MO Selector NULL Selector.vf vlg5D/_selector.bin 1457035139
MO CB4RE_MXILINX_Pixels NULL Pixels.vf vlg68/_c_b4_r_e___m_x_i_l_i_n_x___pixels.bin 1456804570
MO Edge_Detector NULL Edge_Detector.vf vlg12/_edge___detector.bin 1457035139
MO CB16CLE_MXILINX_Top NULL Top.vf vlg36/_c_b16_c_l_e___m_x_i_l_i_n_x___top.bin 1456943786
MO M2_1B1_MXILINX_Top NULL Top.vf vlg30/_m2__1_b1___m_x_i_l_i_n_x___top.bin 1457035139
MO COMP8_MXILINX_Top NULL Top.vf vlg49/_c_o_m_p8___m_x_i_l_i_n_x___top.bin 1456891868
MO COMP16_MXILINX_Top NULL Top.vf vlg58/_c_o_m_p16___m_x_i_l_i_n_x___top.bin 1456794871
MO collisionedge_MUSER_Top NULL Top.vf vlg0E/collisionedge___m_u_s_e_r___top.bin 1457035139
MO FTCLEX_MXILINX_Pixels NULL Pixels.vf vlg56/_f_t_c_l_e_x___m_x_i_l_i_n_x___pixels.bin 1457035139
MO AND8_MXILINX_Top NULL Top.vf vlg7D/_a_n_d8___m_x_i_l_i_n_x___top.bin 1456929207
MO collisionedge NULL collisionedge.vf vlg05/collisionedge.bin 1457035139
MO FTCE_MXILINX_clkcntrl4 NULL clkcntrl4.v vlg3A/_f_t_c_e___m_x_i_l_i_n_x__clkcntrl4.bin 1457035139
MO CB16CLED_MXILINX_Top NULL Top.vf vlg7A/_c_b16_c_l_e_d___m_x_i_l_i_n_x___top.bin 1457035139
MO FTCE_MXILINX_ScorenTimer NULL ScorenTimer.vf vlg6C/_f_t_c_e___m_x_i_l_i_n_x___scoren_timer.bin 1457035139
MO ADD8_MXILINX_Top NULL Top.vf vlg63/_a_d_d8___m_x_i_l_i_n_x___top.bin 1456898050
MO FTC_MXILINX_Pixels NULL Pixels.vf vlg41/_f_t_c___m_x_i_l_i_n_x___pixels.bin 1456932914
MO ADD8_MXILINX_Pixels NULL Pixels.vf vlg31/_a_d_d8___m_x_i_l_i_n_x___pixels.bin 1456898050
MO M2_1_MXILINX_Pixels NULL Pixels.vf vlg03/_m2__1___m_x_i_l_i_n_x___pixels.bin 1457035139
MO CB8CE_MXILINX_Pixels NULL Pixels.vf vlg2D/_c_b8_c_e___m_x_i_l_i_n_x___pixels.bin 1457035139
MO CB8CLE_MXILINX_Top NULL Top.vf vlg1B/_c_b8_c_l_e___m_x_i_l_i_n_x___top.bin 1456891868
MO FSMmem_MUSER_Top NULL Top.vf vlg4E/_f_s_mmem___m_u_s_e_r___top.bin 1457035139
MO CB16CLE_MXILINX_Pixels NULL Pixels.vf vlg38/_c_b16_c_l_e___m_x_i_l_i_n_x___pixels.bin 1456943786
MO CB16RE_MXILINX_Top NULL Top.vf vlg69/_c_b16_r_e___m_x_i_l_i_n_x___top.bin 1457035139
MO collisionholdedgedet_MUSER_Pixels NULL Pixels.vf vlg00/collisionholdedgedet___m_u_s_e_r___pixels.bin 1456936836
MO Top NULL Top.vf vlg4F/_top.bin 1457035139
MO rgbManage NULL rgbManage.v vlg18/rgb_manage.bin 1456908100
MO LFSR_RNG NULL LFSR_RNG.vf vlg65/_l_f_s_r___r_n_g.bin 1457035139
MO CB4CLED_MXILINX_Top NULL Top.vf vlg6F/_c_b4_c_l_e_d___m_x_i_l_i_n_x___top.bin 1457035139
MO Collision NULL Collision.v vlg68/_collision.bin 1456907965
MO collisionholdedgedet_MUSER_Top NULL Top.vf vlg1E/collisionholdedgedet___m_u_s_e_r___top.bin 1456936836
MO FSMveri NULL FSMveri.v vlg40/_f_s_mveri.bin 1457035139
MO FSMmem NULL FSMmem.vf vlg45/_f_s_mmem.bin 1457035139
MO CB16RE_MXILINX_Pixels NULL Pixels.vf vlg1F/_c_b16_r_e___m_x_i_l_i_n_x___pixels.bin 1457035139
MO ScorenTimer NULL ScorenTimer.vf vlg1F/_scoren_timer.bin 1457035139
MO Paddlemove_MUSER_Top NULL Top.vf vlg66/_paddlemove___m_u_s_e_r___top.bin 1456867880
MO CB16CE_MXILINX_Top NULL Top.vf vlg2E/_c_b16_c_e___m_x_i_l_i_n_x___top.bin 1457035139
MO Paddlemove NULL Paddlemove.v vlg1D/_paddlemove.bin 1456867880
MO Paddle NULL Paddle.v vlg7A/_paddle.bin 1456806064
MO Ring_Counter NULL Ring_Counter.vf vlg7B/_ring___counter.bin 1457035139
MO COMP16_MXILINX_Pixels NULL Pixels.vf vlg52/_c_o_m_p16___m_x_i_l_i_n_x___pixels.bin 1456794871
MO scoredetect_MUSER_Top NULL Top.vf vlg06/scoredetect___m_u_s_e_r___top.bin 1457035139
MO ScorenTimer_MUSER_Top NULL Top.vf vlg58/_scoren_timer___m_u_s_e_r___top.bin 1457035139
MO scoredetect NULL scoredetect.vf vlg3D/scoredetect.bin 1457035139
MO Pixels NULL Pixels.vf vlg6D/_pixels.bin 1457035139
MO Selector_MUSER_Top NULL Top.vf vlg26/_selector___m_u_s_e_r___top.bin 1457035139
MO Edge_Detector_MUSER_Top NULL Top.vf vlg33/_edge___detector___m_u_s_e_r___top.bin 1457035139
MO CB16CE_MXILINX_Pixels NULL Pixels.vf vlg50/_c_b16_c_e___m_x_i_l_i_n_x___pixels.bin 1457035139
MO CB4RE_MXILINX_Top NULL Top.vf vlg26/_c_b4_r_e___m_x_i_l_i_n_x___top.bin 1456804570
MO CC8CLED_MXILINX_Top NULL Top.vf vlg38/_c_c8_c_l_e_d___m_x_i_l_i_n_x___top.bin 1456935483
MO Carpetmove NULL Carpetmove.v vlg0A/_carpetmove.bin 1457035139
MO Pixels_MUSER_Top NULL Top.vf vlg36/_pixels___m_u_s_e_r___top.bin 1457035139
MO Hex7seg NULL Hex7seg.v vlg5F/_hex7seg.bin 1457035139
MO M2_1_MXILINX_ScorenTimer NULL ScorenTimer.vf vlg2D/_m2__1___m_x_i_l_i_n_x___scoren_timer.bin 1457035139
MO CB8CE_MXILINX_ScorenTimer NULL ScorenTimer.vf vlg5F/_c_b8_c_e___m_x_i_l_i_n_x___scoren_timer.bin 1457035139
MO CB16CLED_MXILINX_Pixels NULL Pixels.vf vlg6C/_c_b16_c_l_e_d___m_x_i_l_i_n_x___pixels.bin 1457035139
MO Ball NULL Ball.v vlg3B/_ball.bin 1457035139
MO Paddlemove_MUSER_Pixels NULL Pixels.vf vlg28/_paddlemove___m_u_s_e_r___pixels.bin 1456867880
MO FTC_MXILINX_Top NULL Top.vf vlg33/_f_t_c___m_x_i_l_i_n_x___top.bin 1456932915
MO ADD8_MXILINX_LFSR_RNG NULL LFSR_RNG.vf vlg09/_a_d_d8___m_x_i_l_i_n_x___l_f_s_r___r_n_g.bin 1456898050
MO LFSR_RNG_MUSER_Top NULL Top.vf vlg6E/_l_f_s_r___r_n_g___m_u_s_e_r___top.bin 1456940444
MO CB4CLED_MXILINX_ScorenTimer NULL ScorenTimer.vf vlg3F/_c_b4_c_l_e_d___m_x_i_l_i_n_x___scoren_timer.bin 1457035139
MO clkcntrl4 NULL clkcntrl4.v vlg65/clkcntrl4.bin 1457035139
MO CB4CE_MXILINX_clkcntrl4 NULL clkcntrl4.v vlg61/_c_b4_c_e___m_x_i_l_i_n_x__clkcntrl4.bin 1457035139
MO CB8CLE_MXILINX_Pixels NULL Pixels.vf vlg09/_c_b8_c_l_e___m_x_i_l_i_n_x___pixels.bin 1456891868
MO FTCE_MXILINX_Top NULL Top.vf vlg3C/_f_t_c_e___m_x_i_l_i_n_x___top.bin 1457035139
MO FTRSE_MXILINX_Pixels NULL Pixels.vf vlg38/_f_t_r_s_e___m_x_i_l_i_n_x___pixels.bin 1457035139
MO FTRSE_MXILINX_Top NULL Top.vf vlg36/_f_t_r_s_e___m_x_i_l_i_n_x___top.bin 1457035139
MO scoredetect_MUSER_Pixels NULL Pixels.vf vlg48/scoredetect___m_u_s_e_r___pixels.bin 1457035139
MO CC8CLED_MXILINX_Pixels NULL Pixels.vf vlg32/_c_c8_c_l_e_d___m_x_i_l_i_n_x___pixels.bin 1456935483
MO collisionholdedgedet NULL collisionholdedgedet.vf vlg15/collisionholdedgedet.bin 1456936836
MO LFSR_RNG_MUSER_Pixels NULL Pixels.vf vlg10/_l_f_s_r___r_n_g___m_u_s_e_r___pixels.bin 1456940444
MO MovePaddle NULL MovePaddle.v vlg35/_move_paddle.bin 1457035139
MO M2_1_MXILINX_Top NULL Top.vf vlg1D/_m2__1___m_x_i_l_i_n_x___top.bin 1457035139
MO CB8CE_MXILINX_Top NULL Top.vf vlg0F/_c_b8_c_e___m_x_i_l_i_n_x___top.bin 1457035139
MO COMP8_MXILINX_Pixels NULL Pixels.vf vlg7F/_c_o_m_p8___m_x_i_l_i_n_x___pixels.bin 1456891868
MO FTCLEX_MXILINX_ScorenTimer NULL ScorenTimer.vf vlg5C/_f_t_c_l_e_x___m_x_i_l_i_n_x___scoren_timer.bin 1457035139
MO FTCE_MXILINX_Pixels NULL Pixels.vf vlg26/_f_t_c_e___m_x_i_l_i_n_x___pixels.bin 1457035139
MO FTCLEX_MXILINX_Top NULL Top.vf vlg2C/_f_t_c_l_e_x___m_x_i_l_i_n_x___top.bin 1457035139
MO M2_1B1_MXILINX_Pixels NULL Pixels.vf vlg4A/_m2__1_b1___m_x_i_l_i_n_x___pixels.bin 1457035139
MO M2_1B1_MXILINX_ScorenTimer NULL ScorenTimer.vf vlg60/_m2__1_b1___m_x_i_l_i_n_x___scoren_timer.bin 1457035139
MO HSync NULL HSync.v vlg29/_h_sync.bin 1456793154
MO Edge_Detector_MUSER_Pixels NULL Pixels.vf vlg41/_edge___detector___m_u_s_e_r___pixels.bin 1457035139
MO Ring_Counter_MUSER_Top NULL Top.vf vlg54/_ring___counter___m_u_s_e_r___top.bin 1457035139
MO VGA_Controller NULL VGA_Controller.v vlg3D/_v_g_a___controller.bin 1457035139
